---
source: crates/codegen/pi-grok-pager/src/app/status_blocks.rs
expression: text
---
Session usage (since start or last resume):
  Input tokens:   100 (0 cached)
  Output tokens:  10 (0 reasoning)
  Total tokens:   110
  Model calls:    1 · API time: 1.0s
  Cost:           not available (not reported)
