---
source: crates/codegen/pi-grok-pager/src/app/status_blocks.rs
expression: text
---
Session usage (since start or last resume):
  Input tokens:   1,234,567 (1,000,000 cached)
  Output tokens:  45,678 (12,000 reasoning)
  Total tokens:   1,280,245
  Model calls:    42 · API time: 3m12s
  Cost:           $1.2345
